// Jest Snapshot v1, https://goo.gl/fbAQLP

exports[`<SelectArrow renders correctly 1`] = `
.c1 {
  fill: #bfbfbf;
}

.c0 {
  display: -webkit-box;
  display: -webkit-flex;
  display: -ms-flexbox;
  display: flex;
  -webkit-align-items: center;
  -webkit-box-align: center;
  -ms-flex-align: center;
  align-items: center;
  -webkit-box-pack: center;
  -webkit-justify-content: center;
  -ms-flex-pack: center;
  justify-content: center;
  margin-left: 4px;
  width: 24px;
  height: 24px;
}

.c2 {
  -webkit-transform: rotate(0);
  -ms-transform: rotate(0);
  transform: rotate(0);
  -webkit-transition: -webkit-transform 0.2s linear;
  -webkit-transition: transform 0.2s linear;
  transition: transform 0.2s linear;
  will-change: transform;
}

<div
  className="c0"
>
  <svg
    className="c1 c2"
    color="#bfbfbf"
    height="24"
    viewBox="0 0 24 24"
    width="24"
  >
    <path
      d="M16.59 8.59L12 13.17 7.41 8.59 6 10l6 6 6-6z"
    />
  </svg>
</div>
`;
